CCCCCCCCCCCCAAAAAAAAAAAAAAAAAAACCCCCCCCCC
CCCCCCCCCCCCAAAAAAAAAAAAAAAAAACCCCCCCCCCC
CCCCCCCCCCAAAAAAAAAAAAAAAAAAAACCCCCCCCCCC
CCCCCCCCCAAAAAAAAAAAAAAAAAAAABBCCCCCCCCCC
CCCCCCCCAAAAAAAAAAAAAAAAAAAAAAAACCCCCCCCC
CCCCCCCCAAAAAAAAAAAAAAAAAAAAAAAAACCCCCCCC
CCCCCCCCAAAAAAAAAAAAAAAAAAAAAAAAAACCCCCCC
CCCCCCCCAAAAAAAAAAAAAAAAAAAAAAAAAAACCCCCC
CCCCCCCAAAAAAAAAAAAA!AABBAAAAAAAAAAACCCCC
CCCCCCCAAAAaAAAAAAAAAAABBAAAAAAAAAAAACCCC
CCCCCCCAAAAAAAAAAAAAAAAAAAAAAAAAAAAAACCCC
CCCCCCAAAAAAAAAAAAAAAAAAAAAAAAAAAAAAACCCC
CCCCCCAAAAAAAAAAAAAAAAAAAAAAAAAAAAAAACCCC
CCCCCCCAAAAAAAAAAAAAAAAAAAAAAAaAAAAAAACCC
CCCCCCCCCAAAAAAAAAAAAAAAAAAAAAAAAAAAAACCC
CCCCCCCCCCCAAAAAAAAAAAAAAAAAAAAAAAAAAACCC
DCCCCCCCCCCCCAAAAAAAAAAAAAAAAAAAAAAAAACCC
EDCCCCCCCCCCCCCCCAAAAAAAAAAAAAAAAAAAAACCC
EDCCCCCCCCCCCCCCCCCCCCCAAAAAAAAAAAAAACCCC
EDCCCCCCCCCCCCCCCCCCCCCCAAAAAAAAAAAACCCCC
EDCCCCCCCCCCCCCCCCFFCCCCAAAAAAAAAAAACCCCC
EDCCCCCCCCCCCCCCCCFFCCCCAAAAAAAAAAAAACCCC
EDCCCCCCCCCCCCCCCCCCCCCCAAAAAAAAAAAAAACCC
EDCCCCCCCCCCCCCCCCCCCCAAAAAAAAAAAAAAAAACC
DCCCCCCCCCCCAAAABBBBBAAAAAAAAAAAAAAAAAACC
CCCCCCCCCCCAAAAAABBBBAAAAAAAAAAAAAAAAAACC
CCCCCCCCCCAAAAAAAABBAAAAAAAAAAAAAAAAAACCC
CCCCCCCCCAAAAAAAAAAAAAAAAAAAAAAAAAAAAACCC
CCCCCCAAAAAAAAAAAAAAAAAAAAAAAAAAAAAAAACCC
CCCCCCAAAAAAAAAAAAAAAAAAAAAAAAAAAAAAAACCC
CCCCCCAAAAAAAAAAAAAAAAAAAAAAAAAAAAAAAACCC
CCCCCAAAAAAAAAAAAAAAAAAAAAAAAAAAAAAAACCCC
CCCCAAAAAAAAAAAAAAAAAABBAAAAAAAAAAAAACCCC
CCCCAAAAAAAAAAAAAAAAAABBAAAAAAAAAAAAACCCC
CCCCAAAAAAAAAAAAAAAAAAAAAAAAAAAAAAAAAACCK
CCCCCAAAAAAAAAAAAAAAAAAAAAAAAAAAAAAAACCKK
CCCCCAAAAAAAAAAAAAAAAAAAAAAAAAAAAAAAACCCK
CCCCCAAAAAAAAAAAAAAAAAAAAAAAAAAAAAAAACCCC
CCCCCAAAAAAAAAAAAAAAAAAAAAAAAAAAAAAAACCCC
CCCCCCAAAAAAAAAAAAAAAAAAAAAAAAAAAAAAAACCC
CCCCCCAAAAAAAAAAAAAAAAAAAAAAAAAAAAAAAACCC
DCCCCCAAAAAAAAAAAAAAAAAAAAAAAAAAAAAAAACCC
DCCCCCAAAAAAAAAAAAAAAAAAAAAAAAAAAAAAAACCC
DCCCCCAAAAAAAAAAAAAAAAAAAAAAAAAAAAAAAACCC
DCCCCCAAAAAAAAAAAAAAAAAAAAAAAAAAAAAAAACCC
DCCCCCAAAAAAAAAAAAAAAAAAAAAAAAAAAAAAAACCC
CCCCCCAAAAAAAAAAAAAAAAAAAAAAAAAAAAAACCCCC
CCCCCCAAAAAAAAAAAAAAAAAAAAAAAAAAAAAAAACCC
CCCCCAAAAAAAAAAAAAAAAAAAAAAAAAAAAAAAAACCC
CCCCCAAAAAAAAAAAAAAAAAAAAAAAAAAAAAAAAACCC
CCCCAAAAAAAAAAAAAAAAAAAAAAAAAAAAAAAAAACCC
CCCCAAAAAAAAAAAAAAAAAAAAAAAAAAAAAAAAAACCC
CCCCAAAAAAAAAAAAAAAAAAAAAAAAAAAAAAAAAACCC
CCCAAAAAAAAAAAAAAAAAAAAAAAAAAAAAAAAAAACCC
CCCAAAAAAAAAAAAAAAAAAAAAAAAAAAAAAAAAAAACC
CCCAAAAAAAAAAAAAAAAAAAAAAAAAAAAAAAAAAAACC
CCCCAAAAAAAAAAAAAAAAAAAAAAAAAAAAAAAAAAACC
CCCCAAAAAAAAAAAAAAAAAAAAAAAAAAAAAAAAAAACC
CCCCAAAAAAAAAAAAAAAAAAAAAAAAAAAAAAAAAAAAC
CCCCAAAAAAAAAAAAAAAAAAAAAAAAAAAAAAAAAAAAC
CCCCAAAAAAAAAAAAAAAAAAAAAAAAAAAAAAAAAAAAC
CCCCCCAAAAAAAAAAAAAAAAAAAAAAAAAAAAAAAAAAC
CCCCCCCCAAAAAAAAAAAAAAAAAAAAAAAAAAAAAAAAC
CCCCCCCAAAAAAAAAAAAAAAAAAAAAAAAAAAAAAAAAC
CCCCCCAAAAAAAAAAAAAAAAAAAAAAAAAAAAAAAAAAC
CCCCCCAAAAAAAAAAAAAAAAAAAAAAAAAAAAAAAAAAC
CCCCCCAAAAAAAAAAAAAAAAAAAAAAAAAAAAAAAAACC
CCCCCCBBAAAAAAAAAAAAAAAAAAAAAAAAAAAAAACCC
CCCCCCBBAAAAAAAAAAAAAAAAAAAAAAAAAAAAACCCC
CCCCCAAAAAAAAAAAAAAAAAAAAAAAAAAAAAAACCCCC
CCCCAAAAAAAAAAAAAAAAAAAAAAAAAAAAAAACCCCCC
CCCCAAAAAAAAAAAAAAAAAAAAAAAAAAAAAAACCCCCC
CCCCAAAAAAAAAAAAAAAAAAAAAAAAAAAAAAAACCCCC
CCCCCAAAAAAAAAAAAAAAAAAAAAAAAAAAAAAAAACCC
CCCCCAAAAAAAAAAAAAAAAAAAAAAAAAAAAAAAAAAAC
CCCCCAAAAAAAAAAAAAAAAAAAAAAAAAAAAAAAAAAAC
CCCCCAAAAAAAAAAAAAAAAAAAAAAAAAAAAAAAAAACC
CCCCCAAAAAAAAAAAAAAAAAAAAAAAAAAAAAAAAAACC
CCCCCCCAAAAAAAAAAAAAAAAAAAAAAAAAAAAAAAACC
CCCAAAAAAAAAAAAAAAAAAAAAAAAAAAAAAAAAAAACC
CCCAAAAAAAAAAAAAAAAAAAAAAAAAAAAAAAAAAAACC
CCAAAAAAAAAAAAAAAAAAAAAAAAAAAAAAAAAAAAACC
CCAAAAAAAAAAAAAAAAAAAAAAAAAAAAAAAAAAAACCC
CCAAAAAAAAAAAAAAAAAAAAAAAAAAAAAAAAAAACCCC
CCCAAAAAAAAAAAAAAAAAAAAAAAAAAAAAAAAAACCCC
CCCCAAAAAAAAAAAAAA"AAAAAAAAAAAAAAAAAAACCC
CCCCAAAAAAAAAAAAAAAAAAAAAAAAAAAAAAAAAACCC
DDCCCCCAAAAAAAAAAAAAAAAAAAAAAAAAAAACCCCCD
DDDDDCCCCCCCCCCCCCCCCCCCCCCCCCCCCCCCDDDDD
DDDDDDDDDDDDDDDDDDDDDDDDDDDDDDDDDDDDDDDDD
DDDDDDDDDDDDDDDDDDDDDDDDDDDDDDDDDDDDDDDDD